
<html>
<style>
svg {
  width: 32px;
  height: 32px;
}

svg:hover {
  background: #ddd;
  color: gray;
}
</style>
<body>
  <span title="icon-2"><svg xmlns="http://www.w3.org/2000/svg" xmlns:xlink="http://www.w3.org/1999/xlink" width="18" height="18" viewBox="0 0 18 18"><path fill="#06B6D4" d="M3 14c0-2 4-3.1 6-3.1s6 1.1 6 3.1v1H3m9-9a3 3 0 11-6 0 3 3 0 016 0ZM0 2v14a2 2 0 002 2h14a2 2 0 002-2V2a2 2 0 00-2-2H2a2 2 0 00-2 2Z"/></svg></span><span title="icon-1"><svg xmlns="http://www.w3.org/2000/svg" xmlns:xlink="http://www.w3.org/1999/xlink" width="24" height="24" viewBox="0 0 24 24"><path fill="currentColor" d="M14 20H4v-3c0-2.7 5.3-4 8-4 1.5 0 3.9.4 5.7 1.3-.8.3-1.4.7-2 1.2-1.1-.4-2.4-.6-3.7-.6-3 0-6.1 1.5-6.1 2.1v1.1h8.3c-.1.4-.2.9-.2 1.4v.5Zm9-.5c0 1.9-1.6 3.5-3.5 3.5S16 21.4 16 19.5s1.6-3.5 3.5-3.5 3.5 1.6 3.5 3.5ZM12 6c1.1 0 2 .9 2 2s-.9 2-2 2-2-.9-2-2 .9-2 2-2Zm0-2C9.8 4 8 5.8 8 8s1.8 4 4 4 4-1.8 4-4-1.8-4-4-4Z"/></svg></span>
</body>
</html>
